###############################################################################
#
# IAR ELF Linker V8.40.1.212/W32 for ARM                  07/Mar/2020  19:30:38
# Copyright 2007-2019 IAR Systems AB.
#
#    Output file  =
#        E:\RACEnergy\Ckit_TestCodes\Can_TestCode\Can_test\EWARM\Can_test\Exe\Can_test.out
#    Map file     =
#        E:\RACEnergy\Ckit_TestCodes\Can_TestCode\Can_test\EWARM\Can_test\List\Can_test.map
#    Command line =
#        -f C:\Users\SURYAM~1\AppData\Local\Temp\EWA548.tmp
#        (E:\RACEnergy\Ckit_TestCodes\Can_TestCode\Can_test\EWARM\Can_test\Obj\main.o
#        E:\RACEnergy\Ckit_TestCodes\Can_TestCode\Can_test\EWARM\Can_test\Obj\startup_stm32f407xx.o
#        E:\RACEnergy\Ckit_TestCodes\Can_TestCode\Can_test\EWARM\Can_test\Obj\stm32f4xx_hal.o
#        E:\RACEnergy\Ckit_TestCodes\Can_TestCode\Can_test\EWARM\Can_test\Obj\stm32f4xx_hal_can.o
#        E:\RACEnergy\Ckit_TestCodes\Can_TestCode\Can_test\EWARM\Can_test\Obj\stm32f4xx_hal_cortex.o
#        E:\RACEnergy\Ckit_TestCodes\Can_TestCode\Can_test\EWARM\Can_test\Obj\stm32f4xx_hal_dma.o
#        E:\RACEnergy\Ckit_TestCodes\Can_TestCode\Can_test\EWARM\Can_test\Obj\stm32f4xx_hal_dma_ex.o
#        E:\RACEnergy\Ckit_TestCodes\Can_TestCode\Can_test\EWARM\Can_test\Obj\stm32f4xx_hal_exti.o
#        E:\RACEnergy\Ckit_TestCodes\Can_TestCode\Can_test\EWARM\Can_test\Obj\stm32f4xx_hal_flash.o
#        E:\RACEnergy\Ckit_TestCodes\Can_TestCode\Can_test\EWARM\Can_test\Obj\stm32f4xx_hal_flash_ex.o
#        E:\RACEnergy\Ckit_TestCodes\Can_TestCode\Can_test\EWARM\Can_test\Obj\stm32f4xx_hal_flash_ramfunc.o
#        E:\RACEnergy\Ckit_TestCodes\Can_TestCode\Can_test\EWARM\Can_test\Obj\stm32f4xx_hal_gpio.o
#        E:\RACEnergy\Ckit_TestCodes\Can_TestCode\Can_test\EWARM\Can_test\Obj\stm32f4xx_hal_msp.o
#        E:\RACEnergy\Ckit_TestCodes\Can_TestCode\Can_test\EWARM\Can_test\Obj\stm32f4xx_hal_pwr.o
#        E:\RACEnergy\Ckit_TestCodes\Can_TestCode\Can_test\EWARM\Can_test\Obj\stm32f4xx_hal_pwr_ex.o
#        E:\RACEnergy\Ckit_TestCodes\Can_TestCode\Can_test\EWARM\Can_test\Obj\stm32f4xx_hal_rcc.o
#        E:\RACEnergy\Ckit_TestCodes\Can_TestCode\Can_test\EWARM\Can_test\Obj\stm32f4xx_hal_rcc_ex.o
#        E:\RACEnergy\Ckit_TestCodes\Can_TestCode\Can_test\EWARM\Can_test\Obj\stm32f4xx_hal_tim.o
#        E:\RACEnergy\Ckit_TestCodes\Can_TestCode\Can_test\EWARM\Can_test\Obj\stm32f4xx_hal_tim_ex.o
#        E:\RACEnergy\Ckit_TestCodes\Can_TestCode\Can_test\EWARM\Can_test\Obj\stm32f4xx_it.o
#        E:\RACEnergy\Ckit_TestCodes\Can_TestCode\Can_test\EWARM\Can_test\Obj\system_stm32f4xx.o
#        --redirect _Printf=_PrintfFull --redirect _Scanf=_ScanfFull
#        --no_out_extension -o
#        E:\RACEnergy\Ckit_TestCodes\Can_TestCode\Can_test\EWARM\Can_test\Exe\Can_test.out
#        --map
#        E:\RACEnergy\Ckit_TestCodes\Can_TestCode\Can_test\EWARM\Can_test\List\Can_test.map
#        --config
#        E:\RACEnergy\Ckit_TestCodes\Can_TestCode\Can_test\EWARM/stm32f407xx_flash.icf
#        --semihosting --entry __iar_program_start --vfe --text_out locale)
#
###############################################################################

*******************************************************************************
*** RUNTIME MODEL ATTRIBUTES
***

CppFlavor       = *
__SystemLibrary = DLib
__dlib_version  = 6


*******************************************************************************
*** HEAP SELECTION
***

The basic heap was selected because no calls to memory allocation
functions were found in the application outside of system library
functions, and there are calls to deallocation functions in the
application.


*******************************************************************************
*** PLACEMENT SUMMARY
***

"A0":  place at address 0x800'0000 { ro section .intvec };
"P1":  place in [from 0x800'0000 to 0x80f'ffff] { ro };
define block CSTACK with size = 1K, alignment = 8 { };
define block HEAP with size = 512, alignment = 8 { };
"P2":  place in [from 0x2000'0000 to 0x2001'ffff] {
          rw, block CSTACK, block HEAP };
initialize by copy { rw };

  Section            Kind         Address    Size  Object
  -------            ----         -------    ----  ------
"A0":                                       0x188
  .intvec            ro code   0x800'0000   0x188  startup_stm32f407xx.o [1]
                             - 0x800'0188   0x188

"P1":                                      0x189c
  .text              ro code   0x800'0188   0x540  stm32f4xx_hal_can.o [1]
  .text              ro code   0x800'06c8   0x114  stm32f4xx_hal_msp.o [1]
  .text              ro code   0x800'07dc     0xc  stm32f4xx_hal.o [1]
  .text              ro code   0x800'07e8     0x2  stm32f4xx_hal_can.o [1]
  .text              ro code   0x800'07ea     0x2  stm32f4xx_hal_can.o [1]
  .text              ro code   0x800'07ec     0x2  stm32f4xx_hal_can.o [1]
  .text              ro code   0x800'07ee     0x2  stm32f4xx_hal_can.o [1]
  .text              ro code   0x800'07f0     0x2  stm32f4xx_hal_can.o [1]
  .text              ro code   0x800'07f2     0x2  stm32f4xx_hal_can.o [1]
  .text              ro code   0x800'07f4     0x2  stm32f4xx_hal_can.o [1]
  .text              ro code   0x800'07f8   0x20c  main.o [1]
  .text              ro code   0x800'0a04     0x2  stm32f4xx_hal_can.o [1]
  .text              ro code   0x800'0a06     0x2  stm32f4xx_hal_can.o [1]
  .text              ro code   0x800'0a08     0x2  stm32f4xx_hal_can.o [1]
  .text              ro code   0x800'0a0a     0x2  stm32f4xx_hal_can.o [1]
  .text              ro code   0x800'0a0c     0x2  stm32f4xx_hal_can.o [1]
  .text              ro code   0x800'0a0e    0x14  memset.o [4]
  .text              ro code   0x800'0a24   0x1e8  stm32f4xx_hal_gpio.o [1]
  .text              ro code   0x800'0c0c    0xc4  stm32f4xx_hal_cortex.o [1]
  .text              ro code   0x800'0cd0    0x34  stm32f4xx_hal.o [1]
  .text              ro code   0x800'0d04   0x394  stm32f4xx_hal_tim.o [1]
  .text              ro code   0x800'1098    0x8c  stm32f4xx_hal_tim_ex.o [1]
  .text              ro code   0x800'1124   0x310  stm32f4xx_hal_rcc.o [1]
  .text              ro code   0x800'1434   0x180  stm32f4xx_hal_rcc.o [1]
  .text              ro code   0x800'15b4    0x66  ABImemset.o [4]
  .text              ro code   0x800'161c    0x40  stm32f4xx_hal.o [1]
  .text              ro code   0x800'165c     0x2  stm32f4xx_hal_tim.o [1]
  .text              ro code   0x800'165e     0x2  stm32f4xx_hal_tim.o [1]
  .text              ro code   0x800'1660     0x2  stm32f4xx_hal_tim_ex.o [1]
  .text              ro code   0x800'1662     0x2  stm32f4xx_hal_tim.o [1]
  .text              ro code   0x800'1664     0x2  stm32f4xx_hal_tim_ex.o [1]
  .text              ro code   0x800'1666     0x2  stm32f4xx_hal_tim.o [1]
  .text              ro code   0x800'1668   0x106  I64DivMod_small.o [4]
  .text              ro code   0x800'1770     0x2  I64DivZer.o [4]
  .text              ro code   0x800'1772    0x38  packbits_init_single.o [4]
  .text              ro code   0x800'17ac    0x30  stm32f4xx_it.o [1]
  .text              ro code   0x800'17dc    0x10  stm32f4xx_hal.o [1]
  .text              ro code   0x800'17ec    0x2c  system_stm32f4xx.o [1]
  .text              ro code   0x800'1818    0x28  data_init.o [4]
  .text              ro code   0x800'1840    0x22  fpinit_M.o [3]
  .iar.init_table    const     0x800'1864    0x10  - Linker created -
  .text              ro code   0x800'1874    0x1e  cmain.o [4]
  .text              ro code   0x800'1892     0x4  low_level_init.o [2]
  .text              ro code   0x800'1896     0x4  exit.o [2]
  .text              ro code   0x800'189c     0xa  cexit.o [4]
  .text              ro code   0x800'18a8    0x14  exit.o [5]
  .text              ro code   0x800'18bc    0x10  startup_stm32f407xx.o [1]
  .text              ro code   0x800'18cc     0xc  cstartup_M.o [4]
  .text              ro code   0x800'18d8     0x4  startup_stm32f407xx.o [1]
  .text              ro code   0x800'18dc     0x4  startup_stm32f407xx.o [1]
  .text              ro code   0x800'18e0     0x4  startup_stm32f407xx.o [1]
  .text              ro code   0x800'18e4     0x4  startup_stm32f407xx.o [1]
  .text              ro code   0x800'18e8     0x4  startup_stm32f407xx.o [1]
  .text              ro code   0x800'18ec     0x4  startup_stm32f407xx.o [1]
  .text              ro code   0x800'18f0     0x4  startup_stm32f407xx.o [1]
  .text              ro code   0x800'18f4     0x4  startup_stm32f407xx.o [1]
  .text              ro code   0x800'18f8     0x4  startup_stm32f407xx.o [1]
  .text              ro code   0x800'18fc     0x4  startup_stm32f407xx.o [1]
  .text              ro code   0x800'1900     0x4  startup_stm32f407xx.o [1]
  .text              ro code   0x800'1904     0x4  startup_stm32f407xx.o [1]
  .text              ro code   0x800'1908     0x4  startup_stm32f407xx.o [1]
  .text              ro code   0x800'190c     0x4  startup_stm32f407xx.o [1]
  .text              ro code   0x800'1910     0x4  startup_stm32f407xx.o [1]
  .text              ro code   0x800'1914     0x4  startup_stm32f407xx.o [1]
  .text              ro code   0x800'1918     0x4  startup_stm32f407xx.o [1]
  .text              ro code   0x800'191c     0x4  startup_stm32f407xx.o [1]
  .text              ro code   0x800'1920     0x4  startup_stm32f407xx.o [1]
  .text              ro code   0x800'1924     0x4  startup_stm32f407xx.o [1]
  .text              ro code   0x800'1928     0x4  startup_stm32f407xx.o [1]
  .text              ro code   0x800'192c     0x4  startup_stm32f407xx.o [1]
  .text              ro code   0x800'1930     0x4  startup_stm32f407xx.o [1]
  .text              ro code   0x800'1934     0x4  startup_stm32f407xx.o [1]
  .text              ro code   0x800'1938     0x4  startup_stm32f407xx.o [1]
  .text              ro code   0x800'193c     0x4  startup_stm32f407xx.o [1]
  .text              ro code   0x800'1940     0x4  startup_stm32f407xx.o [1]
  .text              ro code   0x800'1944     0x4  startup_stm32f407xx.o [1]
  .text              ro code   0x800'1948     0x4  startup_stm32f407xx.o [1]
  .text              ro code   0x800'194c     0x4  startup_stm32f407xx.o [1]
  .text              ro code   0x800'1950     0x4  startup_stm32f407xx.o [1]
  .text              ro code   0x800'1954     0x4  startup_stm32f407xx.o [1]
  .text              ro code   0x800'1958     0x4  startup_stm32f407xx.o [1]
  .text              ro code   0x800'195c     0x4  startup_stm32f407xx.o [1]
  .text              ro code   0x800'1960     0x4  startup_stm32f407xx.o [1]
  .text              ro code   0x800'1964     0x4  startup_stm32f407xx.o [1]
  .text              ro code   0x800'1968     0x4  startup_stm32f407xx.o [1]
  .text              ro code   0x800'196c     0x4  startup_stm32f407xx.o [1]
  .text              ro code   0x800'1970     0x4  startup_stm32f407xx.o [1]
  .text              ro code   0x800'1974     0x4  startup_stm32f407xx.o [1]
  .text              ro code   0x800'1978     0x4  startup_stm32f407xx.o [1]
  .text              ro code   0x800'197c     0x4  startup_stm32f407xx.o [1]
  .text              ro code   0x800'1980     0x4  startup_stm32f407xx.o [1]
  .text              ro code   0x800'1984     0x4  startup_stm32f407xx.o [1]
  .text              ro code   0x800'1988     0x4  startup_stm32f407xx.o [1]
  .text              ro code   0x800'198c     0x4  startup_stm32f407xx.o [1]
  .text              ro code   0x800'1990     0x4  startup_stm32f407xx.o [1]
  .text              ro code   0x800'1994     0x4  startup_stm32f407xx.o [1]
  .text              ro code   0x800'1998     0x4  startup_stm32f407xx.o [1]
  .text              ro code   0x800'199c     0x4  startup_stm32f407xx.o [1]
  .text              ro code   0x800'19a0     0x4  startup_stm32f407xx.o [1]
  .text              ro code   0x800'19a4     0x4  startup_stm32f407xx.o [1]
  .text              ro code   0x800'19a8     0x4  startup_stm32f407xx.o [1]
  .text              ro code   0x800'19ac     0x4  startup_stm32f407xx.o [1]
  .text              ro code   0x800'19b0     0x4  startup_stm32f407xx.o [1]
  .text              ro code   0x800'19b4     0x4  startup_stm32f407xx.o [1]
  .text              ro code   0x800'19b8     0x4  startup_stm32f407xx.o [1]
  .text              ro code   0x800'19bc     0x4  startup_stm32f407xx.o [1]
  .text              ro code   0x800'19c0     0x4  startup_stm32f407xx.o [1]
  .text              ro code   0x800'19c4     0x4  startup_stm32f407xx.o [1]
  .text              ro code   0x800'19c8     0x4  startup_stm32f407xx.o [1]
  .text              ro code   0x800'19cc     0x4  startup_stm32f407xx.o [1]
  .text              ro code   0x800'19d0     0x4  startup_stm32f407xx.o [1]
  .text              ro code   0x800'19d4     0x4  startup_stm32f407xx.o [1]
  .text              ro code   0x800'19d8     0x4  startup_stm32f407xx.o [1]
  .text              ro code   0x800'19dc     0x4  startup_stm32f407xx.o [1]
  .text              ro code   0x800'19e0     0x4  startup_stm32f407xx.o [1]
  .text              ro code   0x800'19e4     0x4  startup_stm32f407xx.o [1]
  .text              ro code   0x800'19e8     0x4  startup_stm32f407xx.o [1]
  .text              ro code   0x800'19ec     0x4  startup_stm32f407xx.o [1]
  .text              ro code   0x800'19f0     0x4  startup_stm32f407xx.o [1]
  .text              ro code   0x800'19f4     0x4  startup_stm32f407xx.o [1]
  .text              ro code   0x800'19f8     0x4  startup_stm32f407xx.o [1]
  .text              ro code   0x800'19fc     0x4  startup_stm32f407xx.o [1]
  .text              ro code   0x800'1a00     0x4  startup_stm32f407xx.o [1]
  .text              ro code   0x800'1a04     0x4  startup_stm32f407xx.o [1]
  .text              ro code   0x800'1a08     0x4  startup_stm32f407xx.o [1]
  .rodata            const     0x800'1a0c     0x0  packbits_init_single.o [4]
  Initializer bytes  const     0x800'1a0c    0x18  <for P2-1>
                             - 0x800'1a24  0x189c

"P2", part 1 of 2:                           0xbc
  P2-1                        0x2000'0000    0xbc  <Init block>
    .data            inited   0x2000'0000    0xac  main.o [1]
    .data            inited   0x2000'00ac     0xc  stm32f4xx_hal.o [1]
    .data            inited   0x2000'00b8     0x4  system_stm32f4xx.o [1]
                            - 0x2000'00bc    0xbc

"P2", part 2 of 2:                          0x400
  CSTACK                      0x2000'00c0   0x400  <Block>
    CSTACK           uninit   0x2000'00c0   0x400  <Block tail>
                            - 0x2000'04c0   0x400

Unused ranges:

         From           To      Size
         ----           --      ----
   0x800'1a24   0x80f'ffff  0xf'e5dc
  0x2000'00bc  0x2000'00bf       0x4
  0x2000'04c0  0x2001'ffff  0x1'fb40


*******************************************************************************
*** INIT TABLE
***

          Address      Size
          -------      ----
Copy/packbits (__iar_packbits_init_single3)
    1 source range, total size 0x18 (12% of destination):
           0x800'1a0c  0x18
    1 destination range, total size 0xbc:
          0x2000'0000  0xbc



*******************************************************************************
*** MODULE SUMMARY
***

    Module                  ro code  ro data  rw data
    ------                  -------  -------  -------
command line/config:
    -------------------------------------------------
    Total:

E:\RACEnergy\Ckit_TestCodes\Can_TestCode\Can_test\EWARM\Can_test\Obj: [1]
    main.o                      524       21      172
    startup_stm32f407xx.o       716
    stm32f4xx_hal.o             144        2       12
    stm32f4xx_hal_can.o       1'368
    stm32f4xx_hal_cortex.o      196
    stm32f4xx_hal_gpio.o        488
    stm32f4xx_hal_msp.o         276
    stm32f4xx_hal_rcc.o       1'168
    stm32f4xx_hal_tim.o         924
    stm32f4xx_hal_tim_ex.o      144
    stm32f4xx_it.o               48
    system_stm32f4xx.o           44                 4
    -------------------------------------------------
    Total:                    6'040       23      188

dl7M_tln.a: [2]
    exit.o                        4
    low_level_init.o              4
    -------------------------------------------------
    Total:                        8

m7M_tls.a: [3]
    fpinit_M.o                   34
    -------------------------------------------------
    Total:                       34

rt7M_tl.a: [4]
    ABImemset.o                 102
    I64DivMod_small.o           262
    I64DivZer.o                   2
    cexit.o                      10
    cmain.o                      30
    cstartup_M.o                 12
    data_init.o                  40
    memset.o                     20
    packbits_init_single.o       56
    -------------------------------------------------
    Total:                      534

shb_l.a: [5]
    exit.o                       20
    -------------------------------------------------
    Total:                       20

    Gaps                         14        2
    Linker created                        17    1'024
-----------------------------------------------------
    Grand Total:              6'650       42    1'212


*******************************************************************************
*** ENTRY LIST
***

Entry                       Address   Size  Type      Object
-----                       -------   ----  ----      ------
.iar.init_table$$Base    0x800'1864          --   Gb  - Linker created -
.iar.init_table$$Limit   0x800'1874          --   Gb  - Linker created -
?main                    0x800'1875         Code  Gb  cmain.o [4]
AHBPrescTable            0x800'1808   0x10  Data  Gb  system_stm32f4xx.o [1]
BusFault_Handler         0x800'17b3    0x2  Code  Gb  stm32f4xx_it.o [1]
CAN1_RX0_IRQHandler      0x800'17c1    0x2  Code  Gb  stm32f4xx_it.o [1]
CAN1_RX1_IRQHandler      0x800'17c5    0x2  Code  Gb  stm32f4xx_it.o [1]
CAN1_SCE_IRQHandler      0x800'17cd    0x2  Code  Gb  stm32f4xx_it.o [1]
CAN_TxMsg                0x800'099f   0x26  Code  Gb  main.o [1]
CSTACK$$Base            0x2000'00c0          --   Gb  - Linker created -
CSTACK$$Limit           0x2000'04c0          --   Gb  - Linker created -
DebugMon_Handler         0x800'17b9    0x2  Code  Gb  stm32f4xx_it.o [1]
HAL_CAN_ActivateNotification
                         0x800'04b5   0x16  Code  Gb  stm32f4xx_hal_can.o [1]
HAL_CAN_AddTxMessage     0x800'02e7   0xc4  Code  Gb  stm32f4xx_hal_can.o [1]
HAL_CAN_GetRxMessage     0x800'03bd   0xe4  Code  Gb  stm32f4xx_hal_can.o [1]
HAL_CAN_IRQHandler       0x800'04d1  0x1f8  Code  Gb  stm32f4xx_hal_can.o [1]
HAL_CAN_Init             0x800'0189   0xe4  Code  Gb  stm32f4xx_hal_can.o [1]
HAL_CAN_MspInit          0x800'06fd   0x94  Code  Gb  stm32f4xx_hal_msp.o [1]
HAL_CAN_RxFifo0MsgPendingCallback
                         0x800'09c5   0x10  Code  Gb  main.o [1]
HAL_CAN_Start            0x800'027f   0x4c  Code  Gb  stm32f4xx_hal_can.o [1]
HAL_GPIO_Init            0x800'0a25  0x1ae  Code  Gb  stm32f4xx_hal_gpio.o [1]
HAL_GPIO_TogglePin       0x800'0bd3    0xe  Code  Gb  stm32f4xx_hal_gpio.o [1]
HAL_GetTick              0x800'07dd    0xc  Code  Wk  stm32f4xx_hal.o [1]
HAL_IncTick              0x800'17dd   0x10  Code  Wk  stm32f4xx_hal.o [1]
HAL_Init                 0x800'0cd1   0x30  Code  Gb  stm32f4xx_hal.o [1]
HAL_InitTick             0x800'161d   0x40  Code  Wk  stm32f4xx_hal.o [1]
HAL_MspInit              0x800'06c9   0x34  Code  Gb  stm32f4xx_hal_msp.o [1]
HAL_NVIC_EnableIRQ       0x800'0c7b   0x16  Code  Gb  stm32f4xx_hal_cortex.o [1]
HAL_NVIC_SetPriority     0x800'0c41   0x3a  Code  Gb  stm32f4xx_hal_cortex.o [1]
HAL_NVIC_SetPriorityGrouping
                         0x800'0c27   0x1a  Code  Gb  stm32f4xx_hal_cortex.o [1]
HAL_RCC_ClockConfig      0x800'1435  0x100  Code  Gb  stm32f4xx_hal_rcc.o [1]
HAL_RCC_OscConfig        0x800'1125  0x310  Code  Wk  stm32f4xx_hal_rcc.o [1]
HAL_SYSTICK_Config       0x800'0c91   0x28  Code  Gb  stm32f4xx_hal_cortex.o [1]
HAL_TIMEx_BreakCallback
                         0x800'1661    0x2  Code  Wk  stm32f4xx_hal_tim_ex.o [1]
HAL_TIMEx_CommutCallback
                         0x800'1665    0x2  Code  Wk  stm32f4xx_hal_tim_ex.o [1]
HAL_TIMEx_MasterConfigSynchronization
                         0x800'1099   0x6e  Code  Gb  stm32f4xx_hal_tim_ex.o [1]
HAL_TIM_Base_Init        0x800'0d05   0x1a  Code  Gb  stm32f4xx_hal_tim.o [1]
HAL_TIM_Base_MspInit     0x800'0791   0x36  Code  Gb  stm32f4xx_hal_msp.o [1]
HAL_TIM_Base_Start_IT    0x800'0d1f   0x20  Code  Gb  stm32f4xx_hal_tim.o [1]
HAL_TIM_ConfigClockSource
                         0x800'0eab   0x90  Code  Gb  stm32f4xx_hal_tim.o [1]
HAL_TIM_IRQHandler       0x800'0d63  0x142  Code  Gb  stm32f4xx_hal_tim.o [1]
HAL_TIM_PeriodElapsedCallback
                         0x800'09d5   0x14  Code  Gb  main.o [1]
HardFault_Handler        0x800'17af    0x2  Code  Gb  stm32f4xx_it.o [1]
MemManage_Handler        0x800'17b1    0x2  Code  Gb  stm32f4xx_it.o [1]
NMI_Handler              0x800'17ad    0x2  Code  Gb  stm32f4xx_it.o [1]
PendSV_Handler           0x800'17bb    0x2  Code  Gb  stm32f4xx_it.o [1]
Region$$Table$$Base      0x800'1864          --   Gb  - Linker created -
Region$$Table$$Limit     0x800'1874          --   Gb  - Linker created -
RxHeader                0x2000'0080   0x1c  Data  Gb  main.o [1]
SVC_Handler              0x800'17b7    0x2  Code  Gb  stm32f4xx_it.o [1]
SysTick_Handler          0x800'17bd    0x4  Code  Gb  stm32f4xx_it.o [1]
SystemClock_Config       0x800'0907   0x98  Code  Gb  main.o [1]
SystemCoreClock         0x2000'00b8    0x4  Data  Gb  system_stm32f4xx.o [1]
SystemInit               0x800'17ed   0x14  Code  Gb  system_stm32f4xx.o [1]
TIM3_IRQHandler          0x800'17cf    0x6  Code  Gb  stm32f4xx_it.o [1]
TIM_Base_SetConfig       0x800'0f65   0x96  Code  Gb  stm32f4xx_hal_tim.o [1]
TIM_ETR_SetConfig        0x800'107f   0x14  Code  Gb  stm32f4xx_hal_tim.o [1]
TIM_ITRx_SetConfig       0x800'106f   0x10  Code  Lc  stm32f4xx_hal_tim.o [1]
TIM_TI1_ConfigInputStage
                         0x800'102d   0x1e  Code  Lc  stm32f4xx_hal_tim.o [1]
TIM_TI2_ConfigInputStage
                         0x800'104b   0x24  Code  Lc  stm32f4xx_hal_tim.o [1]
TxHeader                0x2000'0068   0x18  Data  Gb  main.o [1]
UsageFault_Handler       0x800'17b5    0x2  Code  Gb  stm32f4xx_it.o [1]
__NVIC_SetPriority       0x800'0c0d   0x1a  Code  Lc  stm32f4xx_hal_cortex.o [1]
__aeabi_ldiv0            0x800'1771         Code  Gb  I64DivZer.o [4]
__aeabi_memset           0x800'15b5         Code  Gb  ABImemset.o [4]
__cmain                  0x800'1875         Code  Gb  cmain.o [4]
__exit                   0x800'18a9   0x14  Code  Gb  exit.o [5]
__iar_Memset             0x800'15b5         Code  Gb  ABImemset.o [4]
__iar_Memset_word        0x800'15bd         Code  Gb  ABImemset.o [4]
__iar_data_init3         0x800'1819   0x28  Code  Gb  data_init.o [4]
__iar_init_vfp           0x800'1841         Code  Gb  fpinit_M.o [3]
__iar_packbits_init_single3
                         0x800'1773   0x38  Code  Gb  packbits_init_single.o [4]
__iar_program_start      0x800'18cd         Code  Gb  cstartup_M.o [4]
__iar_small_uldivmod     0x800'1669         Code  Gb  I64DivMod_small.o [4]
__low_level_init         0x800'1893    0x4  Code  Gb  low_level_init.o [2]
__vector_table           0x800'0000         Data  Gb  startup_stm32f407xx.o [1]
_call_main               0x800'1881         Code  Gb  cmain.o [4]
_exit                    0x800'189d         Code  Gb  cexit.o [4]
_main                    0x800'188f         Code  Gb  cmain.o [4]
exit                     0x800'1897    0x4  Code  Gb  exit.o [2]
hcan1                   0x2000'0000   0x28  Data  Gb  main.o [1]
htim3                   0x2000'0028   0x40  Data  Gb  main.o [1]
main                     0x800'07f9  0x10e  Code  Gb  main.o [1]
memset                   0x800'0a0f   0x14  Code  Gb  memset.o [4]
rcvd_msg                0x2000'00a4    0x8  Data  Gb  main.o [1]
tx_msg                  0x2000'009c    0x8  Data  Gb  main.o [1]
uwTick                  0x2000'00b0    0x4  Data  Gb  stm32f4xx_hal.o [1]
uwTickFreq              0x2000'00ac    0x1  Data  Gb  stm32f4xx_hal.o [1]
uwTickPrio              0x2000'00b4    0x4  Data  Gb  stm32f4xx_hal.o [1]


[1] = E:\RACEnergy\Ckit_TestCodes\Can_TestCode\Can_test\EWARM\Can_test\Obj
[2] = dl7M_tln.a
[3] = m7M_tls.a
[4] = rt7M_tl.a
[5] = shb_l.a

  6'650 bytes of readonly  code memory
     42 bytes of readonly  data memory
  1'212 bytes of readwrite data memory

Errors: none
Warnings: none
